// Jest Snapshot v1, https://goo.gl/fbAQLP

exports[`Given the TransactionCompletedModal component when the component is rendered and confirmations > 0 should match the snapshot 1`] = `
<DocumentFragment>
  .c0 {
  width: 500px;
  padding: 4px;
  position: absolute;
  top: 50%;
  left: 50%;
  background-color: #201d2a;
  border-radius: 8px;
  -webkit-transform: translate(-50%,-50%);
  -ms-transform: translate(-50%,-50%);
  transform: translate(-50%,-50%);
  z-index: 11;
}

.c0 main {
  padding: 32px;
}

.c0 footer {
  padding: 32px 36px 0;
  background-color: #1a1823;
}

.c10 {
  display: -webkit-box;
  display: -webkit-flex;
  display: -ms-flexbox;
  display: flex;
  -webkit-align-items: center;
  -webkit-box-align: center;
  -ms-flex-align: center;
  align-items: center;
  -webkit-box-pack: justify;
  -webkit-justify-content: space-between;
  -ms-flex-pack: justify;
  justify-content: space-between;
  padding-bottom: 32px;
}

.c1 {
  width: 24px;
  height: 24px;
  position: absolute;
  top: 10px;
  right: 10px;
  background: transparent;
  border: none;
}

.c1 svg {
  fill: #656273;
}

.c1:hover svg {
  fill: #9895a6;
}

.c1:active svg {
  fill: #4d4b57;
}

.c4 {
  width: 170px;
  height: 50px;
  background-color: #e1dfeb;
  border: none;
  border-radius: 8px;
  color: #1a1823;
  font-weight: 600;
  font-size: 14px;
}

.c4:hover {
  background-color: #fff;
}

.c4:active {
  background-color: #9895a6;
}

.c4:disabled {
  cursor: not-allowed;
}

.c5 {
  background-color: #302E3D;
  color: #e1dfeb;
}

.c5:hover {
  background-color: #47445a;
}

.c5:active {
  background-color: #9895a6;
}

.c7 {
  padding: 24px;
  margin: 32px 0 24px;
  background-color: #1a1823;
  border-radius: 8px;
  font-size: 28px;
  font-weight: 500;
  text-align: center;
}

.c7 sup {
  font-size: 14px;
}

.c9 {
  display: -webkit-box;
  display: -webkit-flex;
  display: -ms-flexbox;
  display: flex;
  -webkit-align-items: center;
  -webkit-box-align: center;
  -ms-flex-align: center;
  align-items: center;
  -webkit-box-pack: justify;
  -webkit-justify-content: space-between;
  -ms-flex-pack: justify;
  justify-content: space-between;
  padding-bottom: 16px;
}

.c9 span {
  font-weight: 400;
  color: #656273;
}

.c9 strong {
  font-weight: 500;
}

.c3 {
  margin: 0 0 24px;
  font-size: 16px;
  font-weight: 500;
  text-align: center;
}

.c2 {
  display: -webkit-box;
  display: -webkit-flex;
  display: -ms-flexbox;
  display: flex;
  -webkit-align-items: center;
  -webkit-box-align: center;
  -ms-flex-align: center;
  align-items: center;
  -webkit-box-pack: center;
  -webkit-justify-content: center;
  -ms-flex-pack: center;
  justify-content: center;
  height: 88px;
  width: 88px;
  margin: 0 auto 16px;
  background-color: #7cf9ba;
  border-radius: 50%;
  border: 6px solid #324946;
}

.c2 svg {
  width: 35px;
  height: 35px;
}

.c11 {
  display: -webkit-box;
  display: -webkit-flex;
  display: -ms-flexbox;
  display: flex;
  -webkit-align-items: center;
  -webkit-box-align: center;
  -ms-flex-align: center;
  align-items: center;
  gap: 8px;
  border: none;
  background: transparent;
  color: #9895a6;
  font-size: 14px;
}

.c11 svg {
  width: 20px;
  height: 20px;
  -webkit-transform: rotate(0deg);
  -ms-transform: rotate(0deg);
  transform: rotate(0deg);
  -webkit-transition: 0.1s ease;
  transition: 0.1s ease;
}

.c11:hover {
  color: #e1dfeb;
}

.c11:hover svg * {
  fill: #e1dfeb;
}

.c11:active {
  color: #938fa1;
}

.c11:active svg * {
  fill: #938fa1;
}

.c8 {
  color: #656273;
}

.c6 {
  width: 100%;
  margin-top: 32px;
}

@media screen and (max-width:1440px) {
  .c0 {
    width: 400px;
  }
}

@media screen and (max-width:480px) {
  .c0 {
    width: 100%;
    border-radius: 0;
    top: unset;
    left: 0;
    bottom: 0;
    -webkit-transform: none;
    -ms-transform: none;
    transform: none;
  }
}

@media screen and (max-width:1440px) {
  .c0 main {
    padding: 24px;
  }
}

@media screen and (max-width:1440px) {
  .c0 footer {
    padding: 24px 24px 0;
  }
}

@media screen and (max-width:1440px) {
  .c10 {
    padding-bottom: 24px;
  }
}

@media screen and (max-width:1440px) {
  .c4 {
    width: 135px;
    height: 40px;
    font-size: 12px;
  }
}

@media screen and (max-width:480px) {
  .c4 {
    font-size: 14px;
  }
}

@media screen and (max-width:1440px) {
  .c7 {
    padding: 24px;
    margin: 24px 0 20px;
    font-size: 24px;
  }
}

@media screen and (max-width:1440px) {
  .c7 sup {
    font-size: 12px;
  }
}

@media screen and (max-width:1440px) {
  .c3 {
    font-size: 14px;
  }
}

@media screen and (max-width:480px) {
  .c3 {
    font-size: 16px;
  }
}

@media screen and (max-width:1440px) {
  .c2 {
    width: 72px;
    height: 72px;
  }
}

@media screen and (max-width:1440px) {
  .c2 svg {
    width: 24px;
    height: 24px;
  }
}

@media screen and (max-width:1440px) {
  .c11 {
    font-size: 12px;
  }
}

@media screen and (max-width:480px) {
  .c11 {
    font-size: 14px;
  }
}

@media screen and (max-width:1440px) {
  .c11 svg {
    width: 16px;
    height: 16px;
  }
}

<div
    class="c0"
  >
    <button
      class="c1"
      data-testid="completed-modal-close-icon"
    >
      <svg
        viewBox="0 0 24 24"
        xmlns="http://www.w3.org/2000/svg"
      >
        <g
          opacity="0.5"
        >
          <g
            transform="translate(-.453 .555)"
          >
            <path
              class="cls-3"
              d="M8.762.384a1.311 1.311 0 011.981 1.707l-.127.147-8.378 8.378A1.311 1.311 0 01.257 8.909l.127-.147z"
              transform="translate(6.453 6.445)"
            />
            <path
              class="cls-3"
              d="M.384.384A1.311 1.311 0 012.09.257l.147.127 8.379 8.38a1.31 1.31 0 01-1.706 1.98l-.147-.127L.384 2.236a1.31 1.31 0 010-1.852z"
              transform="translate(6.453 6.445)"
            />
          </g>
        </g>
      </svg>
    </button>
    <main>
      <div
        class="c2"
      >
        <svg
          viewBox="0 0 35.222 35.222"
          xmlns="http://www.w3.org/2000/svg"
        >
          <path
            d="M24.754 10.961a1.747 1.747 0 012.5 0 1.82 1.82 0 01.171 2.34l-.171.2-11.188 11.375a1.746 1.746 0 01-2.3.174l-.2-.174-5.594-5.686a1.819 1.819 0 010-2.542 1.746 1.746 0 012.3-.175l.2.174 4.342 4.415z"
            fill="#1f1d29"
          />
        </svg>
      </div>
      <h3
        class="c3"
      >
        Transaction Confirmed
      </h3>
      <button
        class="c4 c5 c6"
      >
        View in Etherscan
      </button>
      <div
        class="c7"
        data-testid="completed-modal-exchange-result"
      >
        + 0.00000000 
        <sup>
          NOM
        </sup>
        <div
          class="c8"
        >
          - 0.00000000 
          <sup>
            ETH
          </sup>
        </div>
      </div>
      <div
        class="c9"
        data-testid="completed-modal-exchange-rate"
      >
        <span>
          Exchange Rate
        </span>
        <strong>
          1 ETH = NaN NOM
        </strong>
      </div>
    </main>
    <footer>
      <div
        class="c10"
      >
        <button
          class="c11"
          data-testid="completed-modal-details-button"
        >
          View Details 
          <svg
            viewBox="0 0 20 20"
            xmlns="http://www.w3.org/2000/svg"
          >
            <path
              d="M5.151 7.342a.507.507 0 01.669-.054l.058.054L10 11.546l4.122-4.204a.507.507 0 01.67-.054l.058.051a.533.533 0 01.05.686l-.051.063-4.485 4.571a.507.507 0 01-.67.051l-.058-.051-4.485-4.571a.532.532 0 010-.746z"
              fill="#8d89a3"
            />
          </svg>
        </button>
        <button
          class="c4"
          data-testid="completed-modal-primary-button"
        >
          Done
        </button>
      </div>
    </footer>
  </div>
</DocumentFragment>
`;

exports[`Given the TransactionCompletedModal component when the component is rendered should match the snapshot 1`] = `
<DocumentFragment>
  .c0 {
  width: 500px;
  padding: 4px;
  position: absolute;
  top: 50%;
  left: 50%;
  background-color: #201d2a;
  border-radius: 8px;
  -webkit-transform: translate(-50%,-50%);
  -ms-transform: translate(-50%,-50%);
  transform: translate(-50%,-50%);
  z-index: 11;
}

.c0 main {
  padding: 32px;
}

.c0 footer {
  padding: 32px 36px 0;
  background-color: #1a1823;
}

.c10 {
  display: -webkit-box;
  display: -webkit-flex;
  display: -ms-flexbox;
  display: flex;
  -webkit-align-items: center;
  -webkit-box-align: center;
  -ms-flex-align: center;
  align-items: center;
  -webkit-box-pack: justify;
  -webkit-justify-content: space-between;
  -ms-flex-pack: justify;
  justify-content: space-between;
  padding-bottom: 32px;
}

.c1 {
  width: 24px;
  height: 24px;
  position: absolute;
  top: 10px;
  right: 10px;
  background: transparent;
  border: none;
}

.c1 svg {
  fill: #656273;
}

.c1:hover svg {
  fill: #9895a6;
}

.c1:active svg {
  fill: #4d4b57;
}

.c4 {
  width: 170px;
  height: 50px;
  background-color: #e1dfeb;
  border: none;
  border-radius: 8px;
  color: #1a1823;
  font-weight: 600;
  font-size: 14px;
}

.c4:hover {
  background-color: #fff;
}

.c4:active {
  background-color: #9895a6;
}

.c4:disabled {
  cursor: not-allowed;
}

.c5 {
  background-color: #302E3D;
  color: #e1dfeb;
}

.c5:hover {
  background-color: #47445a;
}

.c5:active {
  background-color: #9895a6;
}

.c7 {
  padding: 24px;
  margin: 32px 0 24px;
  background-color: #1a1823;
  border-radius: 8px;
  font-size: 28px;
  font-weight: 500;
  text-align: center;
}

.c7 sup {
  font-size: 14px;
}

.c9 {
  display: -webkit-box;
  display: -webkit-flex;
  display: -ms-flexbox;
  display: flex;
  -webkit-align-items: center;
  -webkit-box-align: center;
  -ms-flex-align: center;
  align-items: center;
  -webkit-box-pack: justify;
  -webkit-justify-content: space-between;
  -ms-flex-pack: justify;
  justify-content: space-between;
  padding-bottom: 16px;
}

.c9 span {
  font-weight: 400;
  color: #656273;
}

.c9 strong {
  font-weight: 500;
}

.c3 {
  margin: 0 0 24px;
  font-size: 16px;
  font-weight: 500;
  text-align: center;
}

.c2 {
  display: -webkit-box;
  display: -webkit-flex;
  display: -ms-flexbox;
  display: flex;
  -webkit-align-items: center;
  -webkit-box-align: center;
  -ms-flex-align: center;
  align-items: center;
  -webkit-box-pack: center;
  -webkit-justify-content: center;
  -ms-flex-pack: center;
  justify-content: center;
  height: 88px;
  width: 88px;
  margin: 0 auto 16px;
  background-color: #7cf9ba;
  border-radius: 50%;
  border: 6px solid #324946;
}

.c2 svg {
  width: 35px;
  height: 35px;
}

.c11 {
  display: -webkit-box;
  display: -webkit-flex;
  display: -ms-flexbox;
  display: flex;
  -webkit-align-items: center;
  -webkit-box-align: center;
  -ms-flex-align: center;
  align-items: center;
  gap: 8px;
  border: none;
  background: transparent;
  color: #9895a6;
  font-size: 14px;
}

.c11 svg {
  width: 20px;
  height: 20px;
  -webkit-transform: rotate(0deg);
  -ms-transform: rotate(0deg);
  transform: rotate(0deg);
  -webkit-transition: 0.1s ease;
  transition: 0.1s ease;
}

.c11:hover {
  color: #e1dfeb;
}

.c11:hover svg * {
  fill: #e1dfeb;
}

.c11:active {
  color: #938fa1;
}

.c11:active svg * {
  fill: #938fa1;
}

.c8 {
  color: #656273;
}

.c6 {
  width: 100%;
  margin-top: 32px;
}

@media screen and (max-width:1440px) {
  .c0 {
    width: 400px;
  }
}

@media screen and (max-width:480px) {
  .c0 {
    width: 100%;
    border-radius: 0;
    top: unset;
    left: 0;
    bottom: 0;
    -webkit-transform: none;
    -ms-transform: none;
    transform: none;
  }
}

@media screen and (max-width:1440px) {
  .c0 main {
    padding: 24px;
  }
}

@media screen and (max-width:1440px) {
  .c0 footer {
    padding: 24px 24px 0;
  }
}

@media screen and (max-width:1440px) {
  .c10 {
    padding-bottom: 24px;
  }
}

@media screen and (max-width:1440px) {
  .c4 {
    width: 135px;
    height: 40px;
    font-size: 12px;
  }
}

@media screen and (max-width:480px) {
  .c4 {
    font-size: 14px;
  }
}

@media screen and (max-width:1440px) {
  .c7 {
    padding: 24px;
    margin: 24px 0 20px;
    font-size: 24px;
  }
}

@media screen and (max-width:1440px) {
  .c7 sup {
    font-size: 12px;
  }
}

@media screen and (max-width:1440px) {
  .c3 {
    font-size: 14px;
  }
}

@media screen and (max-width:480px) {
  .c3 {
    font-size: 16px;
  }
}

@media screen and (max-width:1440px) {
  .c2 {
    width: 72px;
    height: 72px;
  }
}

@media screen and (max-width:1440px) {
  .c2 svg {
    width: 24px;
    height: 24px;
  }
}

@media screen and (max-width:1440px) {
  .c11 {
    font-size: 12px;
  }
}

@media screen and (max-width:480px) {
  .c11 {
    font-size: 14px;
  }
}

@media screen and (max-width:1440px) {
  .c11 svg {
    width: 16px;
    height: 16px;
  }
}

<div
    class="c0"
  >
    <button
      class="c1"
      data-testid="completed-modal-close-icon"
    >
      <svg
        viewBox="0 0 24 24"
        xmlns="http://www.w3.org/2000/svg"
      >
        <g
          opacity="0.5"
        >
          <g
            transform="translate(-.453 .555)"
          >
            <path
              class="cls-3"
              d="M8.762.384a1.311 1.311 0 011.981 1.707l-.127.147-8.378 8.378A1.311 1.311 0 01.257 8.909l.127-.147z"
              transform="translate(6.453 6.445)"
            />
            <path
              class="cls-3"
              d="M.384.384A1.311 1.311 0 012.09.257l.147.127 8.379 8.38a1.31 1.31 0 01-1.706 1.98l-.147-.127L.384 2.236a1.31 1.31 0 010-1.852z"
              transform="translate(6.453 6.445)"
            />
          </g>
        </g>
      </svg>
    </button>
    <main>
      <div
        class="c2"
      >
        <svg
          viewBox="0 0 35.222 35.222"
          xmlns="http://www.w3.org/2000/svg"
        >
          <path
            d="M24.754 10.961a1.747 1.747 0 012.5 0 1.82 1.82 0 01.171 2.34l-.171.2-11.188 11.375a1.746 1.746 0 01-2.3.174l-.2-.174-5.594-5.686a1.819 1.819 0 010-2.542 1.746 1.746 0 012.3-.175l.2.174 4.342 4.415z"
            fill="#1f1d29"
          />
        </svg>
      </div>
      <h3
        class="c3"
      >
        Transaction Confirmed
      </h3>
      <button
        class="c4 c5 c6"
      >
        View in Etherscan
      </button>
      <div
        class="c7"
        data-testid="completed-modal-exchange-result"
      >
        + 0.00000000 
        <sup>
          NOM
        </sup>
        <div
          class="c8"
        >
          - 0.00000000 
          <sup>
            ETH
          </sup>
        </div>
      </div>
      <div
        class="c9"
        data-testid="completed-modal-exchange-rate"
      >
        <span>
          Exchange Rate
        </span>
        <strong>
          1 ETH = NaN NOM
        </strong>
      </div>
    </main>
    <footer>
      <div
        class="c10"
      >
        <button
          class="c11"
          data-testid="completed-modal-details-button"
        >
          View Details 
          <svg
            viewBox="0 0 20 20"
            xmlns="http://www.w3.org/2000/svg"
          >
            <path
              d="M5.151 7.342a.507.507 0 01.669-.054l.058.054L10 11.546l4.122-4.204a.507.507 0 01.67-.054l.058.051a.533.533 0 01.05.686l-.051.063-4.485 4.571a.507.507 0 01-.67.051l-.058-.051-4.485-4.571a.532.532 0 010-.746z"
              fill="#8d89a3"
            />
          </svg>
        </button>
        <button
          class="c4"
          data-testid="completed-modal-primary-button"
        >
          Done
        </button>
      </div>
    </footer>
  </div>
</DocumentFragment>
`;
