// Jest Snapshot v1, https://goo.gl/fbAQLP

exports[`Given the Chart component when the component is rendered should match the snapshot 1`] = `
<DocumentFragment>
  .c6 {
  display: block;
  width: 100%;
  height: 350px;
  overflow: visible;
}

.c0 {
  padding: 20px;
  position: relative;
  background-color: #1a1823;
  border-radius: 4px;
}

.c1 {
  display: -webkit-box;
  display: -webkit-flex;
  display: -ms-flexbox;
  display: flex;
  -webkit-box-pack: justify;
  -webkit-justify-content: space-between;
  -ms-flex-pack: justify;
  justify-content: space-between;
  min-height: 35px;
}

.c2 {
  height: 50px;
  padding: 16px 24px;
  background-color: #302E3D;
  border-radius: 6px;
  border: none;
  color: #e1dfeb;
  font-size: 12px;
  font-family: 'Poppins',sans-serif;
  cursor: pointer;
}

.c3 {
  height: 50px;
  padding: 16px 24px;
  background-color: transparent;
  border-radius: 6px;
  border: none;
  color: #e1dfeb;
  font-size: 12px;
  font-family: 'Poppins',sans-serif;
  cursor: pointer;
}

.c5 {
  position: absolute;
  bottom: 15px;
  left: 50%;
  color: #e1dfeb;
  font-size: 11px;
  -webkit-transform: translateX(-50%);
  -ms-transform: translateX(-50%);
  transform: translateX(-50%);
}

.c4 {
  position: absolute;
  top: 50%;
  left: 10px;
  color: #e1dfeb;
  font-size: 11px;
  -webkit-transform: translateY(-50%) rotate(-90deg);
  -ms-transform: translateY(-50%) rotate(-90deg);
  transform: translateY(-50%) rotate(-90deg);
}

@media screen and (max-width:1440px) {
  .c2 {
    height: 44px;
    padding: 12px 16px;
  }
}

@media screen and (max-width:1440px) {
  .c3 {
    height: 44px;
    padding: 12px 16px;
  }
}

<div
    class="c0"
    id="tour-chart"
  >
    <header
      class="c1"
    >
      <span>
        <button
          class="c2"
        >
          Bonding Curve Chart
        </button>
        <button
          class="c3"
        >
          Trading View
        </button>
      </span>
    </header>
    <div
      class="c4"
    >
      Price (ETH)
    </div>
    <div
      class="c5"
    >
      NOM supply
    </div>
    <div
      data-testid="bond-line-chart"
      style="margin-top: 1rem; height: 350px;"
    >
      <svg
        class="c6"
      >
        <defs>
          <clippath
            id="bondingChart"
          >
            <rect
              height="100%"
              width="100%"
              x="0"
              y="0"
            />
          </clippath>
        </defs>
        <g
          class="y-axis"
          fill="none"
          font-family="sans-serif"
          font-size="10"
          style="color: rgb(26, 24, 35);"
          text-anchor="end"
          transform="translate(90, 0)"
        >
          <path
            class="domain"
            d="M-6,-59.5H0.5V10.5H-6"
            stroke="currentColor"
          />
        </g>
        <g
          class="x-axis1"
          fill="none"
          font-family="sans-serif"
          font-size="10"
          style="color: rgb(48, 46, 61);"
          text-anchor="middle"
          transform="translate(0, -60)"
        >
          <path
            class="domain"
            d="M90.5,10V0.5H-19.5V10"
            stroke="currentColor"
          />
        </g>
        <g
          class="x-axis"
          fill="none"
          font-family="sans-serif"
          font-size="10"
          stroke-width="0.10rem"
          style="color: rgb(48, 46, 61);"
          text-anchor="middle"
          transform="translate(0, -60)"
        >
          <path
            class="domain"
            d="M90.5,15V0.5H-19.5V15"
            stroke="currentColor"
          />
        </g>
        <g
          class="content"
          clip-path="url(#bondingChart)"
        >
          <path
            class="baseLine"
            d="MNaN,NaNCNaN,NaN,NaN,NaN,NaN,NaNCNaN,NaN,NaN,NaN,NaN,NaNCNaN,NaN,NaN,NaN,NaN,NaNCNaN,NaN,NaN,NaN,NaN,NaNCNaN,NaN,NaN,NaN,NaN,NaNCNaN,NaN,NaN,NaN,NaN,NaNCNaN,NaN,NaN,NaN,NaN,NaNCNaN,NaN,NaN,NaN,NaN,NaNCNaN,NaN,NaN,NaN,NaN,NaNCNaN,NaN,NaN,NaN,NaN,NaNCNaN,NaN,NaN,NaN,NaN,NaNCNaN,NaN,NaN,NaN,NaN,NaNCNaN,NaN,NaN,NaN,NaN,NaNCNaN,NaN,NaN,NaN,NaN,NaNCNaN,NaN,NaN,NaN,NaN,NaNCNaN,NaN,NaN,NaN,NaN,NaNCNaN,NaN,NaN,NaN,NaN,NaNCNaN,NaN,NaN,NaN,NaN,NaNCNaN,NaN,NaN,NaN,NaN,NaNCNaN,NaN,NaN,NaN,NaN,NaNCNaN,NaN,NaN,NaN,NaN,NaNCNaN,NaN,NaN,NaN,NaN,NaNCNaN,NaN,NaN,NaN,NaN,NaNCNaN,NaN,NaN,NaN,NaN,NaNCNaN,NaN,NaN,NaN,NaN,NaNCNaN,NaN,NaN,NaN,NaN,NaNCNaN,NaN,NaN,NaN,NaN,NaNCNaN,NaN,NaN,NaN,NaN,NaNCNaN,NaN,NaN,NaN,NaN,NaNCNaN,NaN,NaN,NaN,NaN,NaNCNaN,NaN,NaN,NaN,NaN,NaNCNaN,NaN,NaN,NaN,NaN,NaNCNaN,NaN,NaN,NaN,NaN,NaNCNaN,NaN,NaN,NaN,NaN,NaNCNaN,NaN,NaN,NaN,NaN,NaNCNaN,NaN,NaN,NaN,NaN,NaNCNaN,NaN,NaN,NaN,NaN,NaNCNaN,NaN,NaN,NaN,NaN,NaNCNaN,NaN,NaN,NaN,NaN,NaNCNaN,NaN,NaN,NaN,NaN,NaNCNaN,NaN,NaN,NaN,NaN,NaNCNaN,NaN,NaN,NaN,NaN,NaNCNaN,NaN,NaN,NaN,NaN,NaNCNaN,NaN,NaN,NaN,NaN,NaNCNaN,NaN,NaN,NaN,NaN,NaNCNaN,NaN,NaN,NaN,NaN,NaNCNaN,NaN,NaN,NaN,NaN,NaNCNaN,NaN,NaN,NaN,NaN,NaNCNaN,NaN,NaN,NaN,NaN,NaNCNaN,NaN,NaN,NaN,NaN,NaNCNaN,NaN,NaN,NaN,NaN,NaNCNaN,NaN,NaN,NaN,NaN,NaNCNaN,NaN,NaN,NaN,NaN,NaNCNaN,NaN,NaN,NaN,NaN,NaNCNaN,NaN,NaN,NaN,NaN,NaNCNaN,NaN,NaN,NaN,NaN,NaNCNaN,NaN,NaN,NaN,NaN,NaNCNaN,NaN,NaN,NaN,NaN,NaNCNaN,NaN,NaN,NaN,NaN,NaNCNaN,NaN,NaN,NaN,NaN,NaNCNaN,NaN,NaN,NaN,NaN,NaNCNaN,NaN,NaN,NaN,NaN,NaNCNaN,NaN,NaN,NaN,NaN,NaNCNaN,NaN,NaN,NaN,NaN,NaNCNaN,NaN,NaN,NaN,NaN,NaNCNaN,NaN,NaN,NaN,NaN,NaNCNaN,NaN,NaN,NaN,NaN,NaNCNaN,NaN,NaN,NaN,NaN,NaNCNaN,NaN,NaN,NaN,NaN,NaNCNaN,NaN,NaN,NaN,NaN,NaNCNaN,NaN,NaN,NaN,NaN,NaNCNaN,NaN,NaN,NaN,NaN,NaNCNaN,NaN,NaN,NaN,NaN,NaNCNaN,NaN,NaN,NaN,NaN,NaNCNaN,NaN,NaN,NaN,NaN,NaNCNaN,NaN,NaN,NaN,NaN,NaNCNaN,NaN,NaN,NaN,NaN,NaNCNaN,NaN,NaN,NaN,NaN,NaNCNaN,NaN,NaN,NaN,NaN,NaNCNaN,NaN,NaN,NaN,NaN,NaNCNaN,NaN,NaN,NaN,NaN,NaNCNaN,NaN,NaN,NaN,NaN,NaNCNaN,NaN,NaN,NaN,NaN,NaNCNaN,NaN,NaN,NaN,NaN,NaNCNaN,NaN,NaN,NaN,NaN,NaNCNaN,NaN,NaN,NaN,NaN,NaNCNaN,NaN,NaN,NaN,NaN,NaNCNaN,NaN,NaN,NaN,NaN,NaNCNaN,NaN,NaN,NaN,NaN,NaNCNaN,NaN,NaN,NaN,NaN,NaNCNaN,NaN,NaN,NaN,NaN,NaNCNaN,NaN,NaN,NaN,NaN,NaNCNaN,NaN,NaN,NaN,NaN,NaNCNaN,NaN,NaN,NaN,NaN,NaNCNaN,NaN,NaN,NaN,NaN,NaNCNaN,NaN,NaN,NaN,NaN,NaNCNaN,NaN,NaN,NaN,NaN,NaNCNaN,NaN,NaN,NaN,NaN,NaNCNaN,NaN,NaN,NaN,NaN,NaN"
            fill="none"
            stroke="#302E3D"
            stroke-width="0.16rem"
          />
          <lineargradient
            gradientUnits="userSpaceOnUse"
            id="linear-gradient"
            x1="0%"
            x2="1%"
            y1="81%"
            y2="0%"
          >
            <stop
              offset="0%"
              stop-color="#1a1823"
            />
            <stop
              offset="100%"
              stop-color="#88D1FF"
            />
          </lineargradient>
          <path
            class="selectedArea"
            d="MNaN,NaNCNaN,NaN,NaN,NaN,NaN,NaNCNaN,NaN,NaN,NaN,NaN,NaNCNaN,NaN,NaN,NaN,NaN,NaNCNaN,NaN,NaN,NaN,NaN,NaNCNaN,NaN,NaN,NaN,NaN,NaNCNaN,NaN,NaN,NaN,NaN,NaNCNaN,NaN,NaN,NaN,NaN,NaNCNaN,NaN,NaN,NaN,NaN,NaNCNaN,NaN,NaN,NaN,NaN,NaNCNaN,NaN,NaN,NaN,NaN,NaNCNaN,NaN,NaN,NaN,NaN,NaNCNaN,NaN,NaN,NaN,NaN,NaNCNaN,NaN,NaN,NaN,NaN,NaNCNaN,NaN,NaN,NaN,NaN,NaNCNaN,NaN,NaN,NaN,NaN,NaNCNaN,NaN,NaN,NaN,NaN,NaNCNaN,NaN,NaN,NaN,NaN,NaNCNaN,NaN,NaN,NaN,NaN,NaNCNaN,NaN,NaN,NaN,NaN,NaNCNaN,NaN,NaN,NaN,NaN,NaNCNaN,NaN,NaN,NaN,NaN,NaNCNaN,NaN,NaN,NaN,NaN,NaNCNaN,NaN,NaN,NaN,NaN,NaNCNaN,NaN,NaN,NaN,NaN,NaNCNaN,NaN,NaN,NaN,NaN,NaNCNaN,NaN,NaN,NaN,NaN,NaNCNaN,NaN,NaN,NaN,NaN,NaNCNaN,NaN,NaN,NaN,NaN,NaNCNaN,NaN,NaN,NaN,NaN,NaNCNaN,NaN,NaN,NaN,NaN,NaNCNaN,NaN,NaN,NaN,NaN,NaNCNaN,NaN,NaN,NaN,NaN,NaNCNaN,NaN,NaN,NaN,NaN,NaNCNaN,NaN,NaN,NaN,NaN,NaNCNaN,NaN,NaN,NaN,NaN,NaNCNaN,NaN,NaN,NaN,NaN,NaNCNaN,NaN,NaN,NaN,NaN,NaNCNaN,NaN,NaN,NaN,NaN,NaNCNaN,NaN,NaN,NaN,NaN,NaNCNaN,NaN,NaN,NaN,NaN,NaNCNaN,NaN,NaN,NaN,NaN,NaNCNaN,NaN,NaN,NaN,NaN,NaNCNaN,NaN,NaN,NaN,NaN,NaNCNaN,NaN,NaN,NaN,NaN,NaNCNaN,NaN,NaN,NaN,NaN,NaNCNaN,NaN,NaN,NaN,NaN,NaNCNaN,NaN,NaN,NaN,NaN,NaNCNaN,NaN,NaN,NaN,NaN,NaNCNaN,NaN,NaN,NaN,NaN,NaNCNaN,NaN,NaN,NaN,NaN,NaNCNaN,NaN,NaN,NaN,NaN,NaNCNaN,NaN,NaN,NaN,NaN,NaNCNaN,NaN,NaN,NaN,NaN,NaNCNaN,NaN,NaN,NaN,NaN,NaNCNaN,NaN,NaN,NaN,NaN,NaNCNaN,NaN,NaN,NaN,NaN,NaNCNaN,NaN,NaN,NaN,NaN,NaNCNaN,NaN,NaN,NaN,NaN,NaNCNaN,NaN,NaN,NaN,NaN,NaNCNaN,NaN,NaN,NaN,NaN,NaNCNaN,NaN,NaN,NaN,NaN,NaNCNaN,NaN,NaN,NaN,NaN,NaNCNaN,NaN,NaN,NaN,NaN,NaNCNaN,NaN,NaN,NaN,NaN,NaNCNaN,NaN,NaN,NaN,NaN,NaNCNaN,NaN,NaN,NaN,NaN,NaNCNaN,NaN,NaN,NaN,NaN,NaNCNaN,NaN,NaN,NaN,NaN,NaNCNaN,NaN,NaN,NaN,NaN,NaNCNaN,NaN,NaN,NaN,NaN,NaNCNaN,NaN,NaN,NaN,NaN,NaNCNaN,NaN,NaN,NaN,NaN,NaNCNaN,NaN,NaN,NaN,NaN,NaNCNaN,NaN,NaN,NaN,NaN,NaNCNaN,NaN,NaN,NaN,NaN,NaNCNaN,NaN,NaN,NaN,NaN,NaNCNaN,NaN,NaN,NaN,NaN,NaNCNaN,NaN,NaN,NaN,NaN,NaNCNaN,NaN,NaN,NaN,NaN,NaNCNaN,NaN,NaN,NaN,NaN,NaNCNaN,NaN,NaN,NaN,NaN,NaNCNaN,NaN,NaN,NaN,NaN,NaNCNaN,NaN,NaN,NaN,NaN,NaNCNaN,NaN,NaN,NaN,NaN,NaNCNaN,NaN,NaN,NaN,NaN,NaNCNaN,NaN,NaN,NaN,NaN,NaNCNaN,NaN,NaN,NaN,NaN,NaNCNaN,NaN,NaN,NaN,NaN,NaNCNaN,NaN,NaN,NaN,NaN,NaNCNaN,NaN,NaN,NaN,NaN,NaNCNaN,NaN,NaN,NaN,NaN,NaNCNaN,NaN,NaN,NaN,NaN,NaNCNaN,NaN,NaN,NaN,NaN,NaNCNaN,NaN,NaN,NaN,NaN,NaNCNaN,NaN,NaN,NaN,NaN,NaNCNaN,NaN,NaN,NaN,NaN,NaNCNaN,NaN,NaN,NaN,NaN,NaNCNaN,NaN,NaN,NaN,NaN,NaNCNaN,NaN,NaN,NaN,NaN,NaNLNaN,NaNCNaN,NaN,NaN,NaN,NaN,NaNCNaN,NaN,NaN,NaN,NaN,NaNCNaN,NaN,NaN,NaN,NaN,NaNCNaN,NaN,NaN,NaN,NaN,NaNCNaN,NaN,NaN,NaN,NaN,NaNCNaN,NaN,NaN,NaN,NaN,NaNCNaN,NaN,NaN,NaN,NaN,NaNCNaN,NaN,NaN,NaN,NaN,NaNCNaN,NaN,NaN,NaN,NaN,NaNCNaN,NaN,NaN,NaN,NaN,NaNCNaN,NaN,NaN,NaN,NaN,NaNCNaN,NaN,NaN,NaN,NaN,NaNCNaN,NaN,NaN,NaN,NaN,NaNCNaN,NaN,NaN,NaN,NaN,NaNCNaN,NaN,NaN,NaN,NaN,NaNCNaN,NaN,NaN,NaN,NaN,NaNCNaN,NaN,NaN,NaN,NaN,NaNCNaN,NaN,NaN,NaN,NaN,NaNCNaN,NaN,NaN,NaN,NaN,NaNCNaN,NaN,NaN,NaN,NaN,NaNCNaN,NaN,NaN,NaN,NaN,NaNCNaN,NaN,NaN,NaN,NaN,NaNCNaN,NaN,NaN,NaN,NaN,NaNCNaN,NaN,NaN,NaN,NaN,NaNCNaN,NaN,NaN,NaN,NaN,NaNCNaN,NaN,NaN,NaN,NaN,NaNCNaN,NaN,NaN,NaN,NaN,NaNCNaN,NaN,NaN,NaN,NaN,NaNCNaN,NaN,NaN,NaN,NaN,NaNCNaN,NaN,NaN,NaN,NaN,NaNCNaN,NaN,NaN,NaN,NaN,NaNCNaN,NaN,NaN,NaN,NaN,NaNCNaN,NaN,NaN,NaN,NaN,NaNCNaN,NaN,NaN,NaN,NaN,NaNCNaN,NaN,NaN,NaN,NaN,NaNCNaN,NaN,NaN,NaN,NaN,NaNCNaN,NaN,NaN,NaN,NaN,NaNCNaN,NaN,NaN,NaN,NaN,NaNCNaN,NaN,NaN,NaN,NaN,NaNCNaN,NaN,NaN,NaN,NaN,NaNCNaN,NaN,NaN,NaN,NaN,NaNCNaN,NaN,NaN,NaN,NaN,NaNCNaN,NaN,NaN,NaN,NaN,NaNCNaN,NaN,NaN,NaN,NaN,NaNCNaN,NaN,NaN,NaN,NaN,NaNCNaN,NaN,NaN,NaN,NaN,NaNCNaN,NaN,NaN,NaN,NaN,NaNCNaN,NaN,NaN,NaN,NaN,NaNCNaN,NaN,NaN,NaN,NaN,NaNCNaN,NaN,NaN,NaN,NaN,NaNCNaN,NaN,NaN,NaN,NaN,NaNCNaN,NaN,NaN,NaN,NaN,NaNCNaN,NaN,NaN,NaN,NaN,NaNCNaN,NaN,NaN,NaN,NaN,NaNCNaN,NaN,NaN,NaN,NaN,NaNCNaN,NaN,NaN,NaN,NaN,NaNCNaN,NaN,NaN,NaN,NaN,NaNCNaN,NaN,NaN,NaN,NaN,NaNCNaN,NaN,NaN,NaN,NaN,NaNCNaN,NaN,NaN,NaN,NaN,NaNCNaN,NaN,NaN,NaN,NaN,NaNCNaN,NaN,NaN,NaN,NaN,NaNCNaN,NaN,NaN,NaN,NaN,NaNCNaN,NaN,NaN,NaN,NaN,NaNCNaN,NaN,NaN,NaN,NaN,NaNCNaN,NaN,NaN,NaN,NaN,NaNCNaN,NaN,NaN,NaN,NaN,NaNCNaN,NaN,NaN,NaN,NaN,NaNCNaN,NaN,NaN,NaN,NaN,NaNCNaN,NaN,NaN,NaN,NaN,NaNCNaN,NaN,NaN,NaN,NaN,NaNCNaN,NaN,NaN,NaN,NaN,NaNCNaN,NaN,NaN,NaN,NaN,NaNCNaN,NaN,NaN,NaN,NaN,NaNCNaN,NaN,NaN,NaN,NaN,NaNCNaN,NaN,NaN,NaN,NaN,NaNCNaN,NaN,NaN,NaN,NaN,NaNCNaN,NaN,NaN,NaN,NaN,NaNCNaN,NaN,NaN,NaN,NaN,NaNCNaN,NaN,NaN,NaN,NaN,NaNCNaN,NaN,NaN,NaN,NaN,NaNCNaN,NaN,NaN,NaN,NaN,NaNCNaN,NaN,NaN,NaN,NaN,NaNCNaN,NaN,NaN,NaN,NaN,NaNCNaN,NaN,NaN,NaN,NaN,NaNCNaN,NaN,NaN,NaN,NaN,NaNCNaN,NaN,NaN,NaN,NaN,NaNCNaN,NaN,NaN,NaN,NaN,NaNCNaN,NaN,NaN,NaN,NaN,NaNCNaN,NaN,NaN,NaN,NaN,NaNCNaN,NaN,NaN,NaN,NaN,NaNCNaN,NaN,NaN,NaN,NaN,NaNCNaN,NaN,NaN,NaN,NaN,NaNCNaN,NaN,NaN,NaN,NaN,NaNCNaN,NaN,NaN,NaN,NaN,NaNCNaN,NaN,NaN,NaN,NaN,NaNCNaN,NaN,NaN,NaN,NaN,NaNCNaN,NaN,NaN,NaN,NaN,NaNCNaN,NaN,NaN,NaN,NaN,NaNZ"
            fill="url(#linear-gradient"
            stroke="#4e82a3"
            stroke-width="0.03rem"
          />
          <path
            class="selectedLine"
            d="MNaN,NaNCNaN,NaN,NaN,NaN,NaN,NaNCNaN,NaN,NaN,NaN,NaN,NaNCNaN,NaN,NaN,NaN,NaN,NaNCNaN,NaN,NaN,NaN,NaN,NaNCNaN,NaN,NaN,NaN,NaN,NaNCNaN,NaN,NaN,NaN,NaN,NaNCNaN,NaN,NaN,NaN,NaN,NaNCNaN,NaN,NaN,NaN,NaN,NaNCNaN,NaN,NaN,NaN,NaN,NaNCNaN,NaN,NaN,NaN,NaN,NaNCNaN,NaN,NaN,NaN,NaN,NaNCNaN,NaN,NaN,NaN,NaN,NaNCNaN,NaN,NaN,NaN,NaN,NaNCNaN,NaN,NaN,NaN,NaN,NaNCNaN,NaN,NaN,NaN,NaN,NaNCNaN,NaN,NaN,NaN,NaN,NaNCNaN,NaN,NaN,NaN,NaN,NaNCNaN,NaN,NaN,NaN,NaN,NaNCNaN,NaN,NaN,NaN,NaN,NaNCNaN,NaN,NaN,NaN,NaN,NaNCNaN,NaN,NaN,NaN,NaN,NaNCNaN,NaN,NaN,NaN,NaN,NaNCNaN,NaN,NaN,NaN,NaN,NaNCNaN,NaN,NaN,NaN,NaN,NaNCNaN,NaN,NaN,NaN,NaN,NaNCNaN,NaN,NaN,NaN,NaN,NaNCNaN,NaN,NaN,NaN,NaN,NaNCNaN,NaN,NaN,NaN,NaN,NaNCNaN,NaN,NaN,NaN,NaN,NaNCNaN,NaN,NaN,NaN,NaN,NaNCNaN,NaN,NaN,NaN,NaN,NaNCNaN,NaN,NaN,NaN,NaN,NaNCNaN,NaN,NaN,NaN,NaN,NaNCNaN,NaN,NaN,NaN,NaN,NaNCNaN,NaN,NaN,NaN,NaN,NaNCNaN,NaN,NaN,NaN,NaN,NaNCNaN,NaN,NaN,NaN,NaN,NaNCNaN,NaN,NaN,NaN,NaN,NaNCNaN,NaN,NaN,NaN,NaN,NaNCNaN,NaN,NaN,NaN,NaN,NaNCNaN,NaN,NaN,NaN,NaN,NaNCNaN,NaN,NaN,NaN,NaN,NaNCNaN,NaN,NaN,NaN,NaN,NaNCNaN,NaN,NaN,NaN,NaN,NaNCNaN,NaN,NaN,NaN,NaN,NaNCNaN,NaN,NaN,NaN,NaN,NaNCNaN,NaN,NaN,NaN,NaN,NaNCNaN,NaN,NaN,NaN,NaN,NaNCNaN,NaN,NaN,NaN,NaN,NaNCNaN,NaN,NaN,NaN,NaN,NaNCNaN,NaN,NaN,NaN,NaN,NaNCNaN,NaN,NaN,NaN,NaN,NaNCNaN,NaN,NaN,NaN,NaN,NaNCNaN,NaN,NaN,NaN,NaN,NaNCNaN,NaN,NaN,NaN,NaN,NaNCNaN,NaN,NaN,NaN,NaN,NaNCNaN,NaN,NaN,NaN,NaN,NaNCNaN,NaN,NaN,NaN,NaN,NaNCNaN,NaN,NaN,NaN,NaN,NaNCNaN,NaN,NaN,NaN,NaN,NaNCNaN,NaN,NaN,NaN,NaN,NaNCNaN,NaN,NaN,NaN,NaN,NaNCNaN,NaN,NaN,NaN,NaN,NaNCNaN,NaN,NaN,NaN,NaN,NaNCNaN,NaN,NaN,NaN,NaN,NaNCNaN,NaN,NaN,NaN,NaN,NaNCNaN,NaN,NaN,NaN,NaN,NaNCNaN,NaN,NaN,NaN,NaN,NaNCNaN,NaN,NaN,NaN,NaN,NaNCNaN,NaN,NaN,NaN,NaN,NaNCNaN,NaN,NaN,NaN,NaN,NaNCNaN,NaN,NaN,NaN,NaN,NaNCNaN,NaN,NaN,NaN,NaN,NaNCNaN,NaN,NaN,NaN,NaN,NaNCNaN,NaN,NaN,NaN,NaN,NaNCNaN,NaN,NaN,NaN,NaN,NaNCNaN,NaN,NaN,NaN,NaN,NaNCNaN,NaN,NaN,NaN,NaN,NaNCNaN,NaN,NaN,NaN,NaN,NaNCNaN,NaN,NaN,NaN,NaN,NaNCNaN,NaN,NaN,NaN,NaN,NaNCNaN,NaN,NaN,NaN,NaN,NaNCNaN,NaN,NaN,NaN,NaN,NaNCNaN,NaN,NaN,NaN,NaN,NaNCNaN,NaN,NaN,NaN,NaN,NaNCNaN,NaN,NaN,NaN,NaN,NaNCNaN,NaN,NaN,NaN,NaN,NaNCNaN,NaN,NaN,NaN,NaN,NaNCNaN,NaN,NaN,NaN,NaN,NaNCNaN,NaN,NaN,NaN,NaN,NaNCNaN,NaN,NaN,NaN,NaN,NaNCNaN,NaN,NaN,NaN,NaN,NaNCNaN,NaN,NaN,NaN,NaN,NaNCNaN,NaN,NaN,NaN,NaN,NaNCNaN,NaN,NaN,NaN,NaN,NaNCNaN,NaN,NaN,NaN,NaN,NaNCNaN,NaN,NaN,NaN,NaN,NaNCNaN,NaN,NaN,NaN,NaN,NaNCNaN,NaN,NaN,NaN,NaN,NaN"
            fill="none"
            stroke="#88D1FF"
            stroke-width="0.15rem"
          />
          <line
            stroke="#1a1823"
            stroke-width="0.12rem"
            x1="90"
            x2="-20"
            y1="NaN"
            y2="NaN"
          />
        </g>
      </svg>
    </div>
  </div>
</DocumentFragment>
`;
