// Jest Snapshot v1, https://goo.gl/fbAQLP

exports[`Given the ApproveTokensModal component when the component is rendered should match the snapshot 1`] = `
<DocumentFragment>
  .c0 {
  width: 500px;
  padding: 4px;
  position: absolute;
  top: 50%;
  left: 50%;
  background-color: #201d2a;
  border-radius: 8px;
  -webkit-transform: translate(-50%,-50%);
  -ms-transform: translate(-50%,-50%);
  transform: translate(-50%,-50%);
  z-index: 11;
}

.c0 main {
  padding: 32px;
}

.c0 footer {
  padding: 32px 36px 0;
  background-color: #1a1823;
}

.c7 {
  display: -webkit-box;
  display: -webkit-flex;
  display: -ms-flexbox;
  display: flex;
  -webkit-align-items: center;
  -webkit-box-align: center;
  -ms-flex-align: center;
  align-items: center;
  -webkit-box-pack: justify;
  -webkit-justify-content: space-between;
  -ms-flex-pack: justify;
  justify-content: space-between;
  padding-bottom: 32px;
}

.c1 {
  width: 24px;
  height: 24px;
  position: absolute;
  top: 10px;
  right: 10px;
  background: transparent;
  border: none;
}

.c1 svg {
  fill: #656273;
}

.c1:hover svg {
  fill: #9895a6;
}

.c1:active svg {
  fill: #4d4b57;
}

.c1:disabled {
  cursor: not-allowed;
}

.c1:disabled svg {
  fill: #656273;
  opacity: 0.5;
}

.c8 {
  width: 170px;
  height: 50px;
  background-color: #e1dfeb;
  border: none;
  border-radius: 8px;
  color: #1a1823;
  font-weight: 600;
  font-size: 14px;
}

.c8:hover {
  background-color: #fff;
}

.c8:active {
  background-color: #9895a6;
}

.c8:disabled {
  cursor: not-allowed;
}

.c9 {
  background-color: #302E3D;
  color: #e1dfeb;
}

.c9:hover {
  background-color: #47445a;
}

.c9:active {
  background-color: #9895a6;
}

.c2 {
  margin: 0 0 24px;
  font-size: 16px;
  font-weight: 500;
  text-align: center;
}

.c6 {
  padding: 15px 20px;
  height: 54px;
  border: none;
  background-color: #201d2a;
  border-radius: 7px;
  color: #ffdda1;
  font-weight: 500;
  font-size: 14px;
  text-transform: uppercase;
  cursor: pointer;
}

.c6:hover {
  background-color: #252130;
}

.c6:active {
  background-color: #1b1924;
}

.c4 {
  margin: 32px 0 0;
  color: #9895a6;
}

.c3 {
  text-align: left;
}

.c5 {
  display: -webkit-box;
  display: -webkit-flex;
  display: -ms-flexbox;
  display: flex;
  -webkit-align-items: center;
  -webkit-box-align: center;
  -ms-flex-align: center;
  align-items: center;
  -webkit-box-pack: justify;
  -webkit-justify-content: space-between;
  -ms-flex-pack: justify;
  justify-content: space-between;
  padding: 12px;
  margin-top: 24px;
  background-color: #302E3D;
  border-radius: 8px;
}

.c5 > div {
  margin-left: 8px;
  display: -webkit-box;
  display: -webkit-flex;
  display: -ms-flexbox;
  display: flex;
  -webkit-flex-direction: column;
  -ms-flex-direction: column;
  flex-direction: column;
}

.c5 label {
  margin-bottom: 6px;
  color: #656273;
  font-size: 12px;
}

.c5 input {
  display: block;
  background: none;
  border: none;
  color: #e1dfeb;
  font-size: 18px;
}

.c5 input:focus {
  outline: none;
}

@media screen and (max-width:1440px) {
  .c0 {
    width: 400px;
  }
}

@media screen and (max-width:480px) {
  .c0 {
    width: 100%;
    border-radius: 0;
    top: unset;
    left: 0;
    bottom: 0;
    -webkit-transform: none;
    -ms-transform: none;
    transform: none;
  }
}

@media screen and (max-width:1440px) {
  .c0 main {
    padding: 24px;
  }
}

@media screen and (max-width:1440px) {
  .c0 footer {
    padding: 24px 24px 0;
  }
}

@media screen and (max-width:1440px) {
  .c7 {
    padding-bottom: 24px;
  }
}

@media screen and (max-width:1440px) {
  .c8 {
    width: 135px;
    height: 40px;
    font-size: 12px;
  }
}

@media screen and (max-width:480px) {
  .c8 {
    font-size: 14px;
  }
}

@media screen and (max-width:1440px) {
  .c2 {
    font-size: 14px;
  }
}

@media screen and (max-width:480px) {
  .c2 {
    font-size: 16px;
  }
}

@media screen and (max-width:1440px) {
  .c6 {
    height: 44px;
  }
}

@media screen and (max-width:480px) {
  .c4 {
    font-size: 14px;
  }
}

<div
    class="c0"
  >
    <button
      class="c1"
      data-testid="approve-tokens-modal-close-icon"
    >
      <svg
        viewBox="0 0 24 24"
        xmlns="http://www.w3.org/2000/svg"
      >
        <g
          opacity="0.5"
        >
          <g
            transform="translate(-.453 .555)"
          >
            <path
              class="cls-3"
              d="M8.762.384a1.311 1.311 0 011.981 1.707l-.127.147-8.378 8.378A1.311 1.311 0 01.257 8.909l.127-.147z"
              transform="translate(6.453 6.445)"
            />
            <path
              class="cls-3"
              d="M.384.384A1.311 1.311 0 012.09.257l.147.127 8.379 8.38a1.31 1.31 0 01-1.706 1.98l-.147-.127L.384 2.236a1.31 1.31 0 010-1.852z"
              transform="translate(6.453 6.445)"
            />
          </g>
        </g>
      </svg>
    </button>
    <main>
      <h3
        class="c2 c3"
      >
        Approve Tokens
      </h3>
      <div
        class="c4"
      >
        You currently have not approved any bNOM for selling. To proceed, you must approve at least 
        <strong>
          0.000000 bNOM
        </strong>
         for selling.
      </div>
      <div
        class="c5"
      >
        <div>
          <label
            for=""
          >
            Approve tokens (bNOM)
          </label>
          <input
            placeholder="0.00"
            type="text"
            value=""
          />
        </div>
        <button
          class="c6"
        >
          MAX
        </button>
      </div>
    </main>
    <footer>
      <div
        class="c7"
      >
        <button
          class="c8 c9"
          data-testid="approve-tokens-modal-secondary-button"
        >
          Cancel
        </button>
        <button
          class="c8"
          data-testid="approve-tokens-modal-primary-button"
        >
          Approve (60)
        </button>
      </div>
    </footer>
  </div>
</DocumentFragment>
`;
